00:00:01.724186 VirtualBox GUI VM Selector Window 7.2.2 r170484 win.amd64 (Sep 10 2025 19:56:01) release log
00:00:01.724188 Log opened 2025-10-12T20:04:24.886356100Z
00:00:01.724188 Build Type: release
00:00:01.724190 OS Product: Windows 11
00:00:01.724241 OS Release: 10.0.26100.6584
00:00:01.724241 OS Service Pack: 
00:00:01.739572 DMI Product Name: X870E AORUS ELITE WIFI7
00:00:01.742908 DMI Product Version: Default string-CF-WCP-ADO
00:00:01.742912 Firmware type: UEFI
00:00:01.743235 Secure Boot: Disabled
00:00:01.743240 Host RAM: 32372MB (31.6GB) total, 22610MB (22.0GB) available
00:00:01.743244 Executable: C:\Program Files\Oracle\VirtualBox\VirtualBox.exe
00:00:01.743244 Process ID: 13152
00:00:01.743244 Package type: WINDOWS_64BITS_GENERIC
00:00:01.743245 Windows Features:
00:00:01.743245   Core Isolation (Memory Integrity): ENABLED
00:00:01.743330 Qt version: 6.8.0
00:00:01.745949 GUI: UIMediumEnumerator: Initial medium-enumeration finished!
00:00:01.994210 GUI: UIMediumEnumerator: Medium-enumeration started...
00:00:03.979192 GUI: UIMediumEnumerator: Medium-enumeration finished!
00:00:05.026338 GUI: UICommon: Handling aboutToQuit request..
00:00:05.841446 GUI: UICommon: aboutToQuit request handled!
