00:00:00.016422 main     VirtualBox COM Server 7.2.2 r170484 win.amd64 (Sep 10 2025 19:56:01) release log
00:00:00.017361 main     Log opened 2025-10-12T20:04:23.407232500Z
00:00:00.017363 main     Build Type: release
00:00:00.017367 main     OS Product: Windows 11
00:00:00.017726 main     OS Release: 10.0.26100.6584
00:00:00.017727 main     OS Service Pack: 
00:00:00.042940 main     DMI Product Name: X870E AORUS ELITE WIFI7
00:00:00.050937 main     DMI Product Version: Default string-CF-WCP-ADO
00:00:00.050941 main     Firmware type: UEFI
00:00:00.051233 main     Secure Boot: Disabled
00:00:00.051240 main     Host RAM: 32372MB (31.6GB) total, 22540MB (22.0GB) available
00:00:00.055314 main     Executable: C:\Program Files\Oracle\VirtualBox\VBoxSVC.exe
00:00:00.055315 main     Process ID: 26260
00:00:00.055315 main     Package type: WINDOWS_64BITS_GENERIC
00:00:00.056010 main     Windows Features:
00:00:00.056010 main       Core Isolation (Memory Integrity): ENABLED
00:00:00.131833          VirtualBox: object creation starts
00:00:00.136932          Home directory: 'C:\Users\Andrei\.VirtualBox'
00:00:00.138643          Installed Drivers:
00:00:00.173200          Loading settings file "C:\Users\Andrei\.VirtualBox\VirtualBox.xml" with version "1.12-windows"
00:00:00.194322          usbLibGetDevices: Starting USB device enumeration
00:00:00.205204          Getting USB descriptor (id 0) failed (dwErr=31) on hub USB#ROOT_HUB30#9&1191aa4&0&0#{f18a0e88-c30c-11d0-8815-00a0c906bed8} port 11
00:00:00.947623          usbLibGetDevices: Found 7 USB devices, 0 captured
00:00:00.965664          USB: Unknown USB device detected (idVendor: 0x0bda, idProduct: 0x8922)
00:00:01.052707          netIfIsWireless: CreateFile on '\\.\{50C28901-C7B4-48D0-BD92-32FF629DE946}' failed with rcWin=2 (0x2) - ignoring
00:00:01.076526          netIfIsWireless: CreateFile on '\\.\{693B3375-9E55-453F-A835-F991CB107FF2}' failed with rcWin=2 (0x2) - ignoring
00:00:01.084763          HostDnsMonitor: initializing
00:00:01.093848          HostDnsMonitor: updating information
00:00:01.099230          HostDnsMonitor: old information
00:00:01.099230            no server entries
00:00:01.099231            no domain set
00:00:01.099231            no search string entries
00:00:01.099232          HostDnsMonitor: new information
00:00:01.099232            server 1: 100.100.1.1
00:00:01.099232            server 2: 100.100.0.1
00:00:01.099233            no domain set
00:00:01.099233            no search string entries
00:00:01.158472          VD: VDInit finished with VINF_SUCCESS
00:00:01.186377          Platform architecture set to 'x86'
00:00:01.207346          Loading settings file "C:\Users\Andrei\VirtualBox VMs\USOTeme\USOTeme.vbox" with version "1.19-windows"
00:00:01.220141          Platform architecture set to 'x86'
00:00:01.229151          VirtualBox: object created
00:00:03.460281          Saving settings file "C:\Users\Andrei\.VirtualBox\VirtualBox.xml" with version "1.12-windows"
00:00:03.508158          Finished saving settings file "C:\Users\Andrei\.VirtualBox\VirtualBox.xml"
00:00:03.508274          Saving settings file "C:\Users\Andrei\.VirtualBox\VirtualBox.xml" with version "1.12-windows"
00:00:03.559668          Finished saving settings file "C:\Users\Andrei\.VirtualBox\VirtualBox.xml"
00:00:03.559792          Saving settings file "C:\Users\Andrei\.VirtualBox\VirtualBox.xml" with version "1.12-windows"
00:00:03.611843          Finished saving settings file "C:\Users\Andrei\.VirtualBox\VirtualBox.xml"
00:00:03.785430          ERROR [COM]: aRC=VBOX_E_OBJECT_NOT_FOUND (0x80bb0001) aIID={5bfd8965-b81b-469f-8649-f717ce97a5d5} aComponent={NvramStoreWrap} aText={The UEFI NVRAM file is not existing for this machine}, preserve=false aResultDetail=0
00:00:03.907855          ERROR [COM]: aRC=VBOX_E_INVALID_VM_STATE (0x80bb0002) aIID={e36a5081-a82a-40bd-9e4e-42a44d6ce50f} aComponent={MachineWrap} aText={The machine is not mutable, saved or running (state is Saved)}, preserve=false aResultDetail=0
00:00:10.575063 main     VirtualBox: object deletion starts
00:00:10.578428 main     ERROR [COM]: aRC=VBOX_E_OBJECT_IN_USE (0x80bb000c) aIID={7d510820-a678-4730-a862-818dcd3fbed0} aComponent={MediumWrap} aText={Medium 'C:\Users\Andrei\VirtualBox VMs\USOTeme\USOTeme-disk001.vdi' cannot be closed because it is still attached to 1 virtual machines}, preserve=false aResultDetail=0
00:00:10.579952 main     HostDnsMonitor: shutting down ...
00:00:10.579974 main     HostDnsMonitor: shut down
00:00:10.581095 Watcher  ERROR [COM]: aRC=E_ACCESSDENIED (0x80070005) aIID={2ce10519-3c09-45d8-a12d-e887786146b7} aComponent={VirtualBoxWrap} aText={The object is not ready}, preserve=false aResultDetail=0
00:00:10.585000 main     VirtualBox: object deleted
